2025/07/28 07:53:50 Launching Testing App
2025/07/28 07:53:50 Environment options loaded: develop
2025/07/28 07:53:52 Rebuilding the app.
2025/07/28 07:53:55 Build String: Desktop app rebuilt successfully.
2025/07/28 07:53:57 Launching Testing App
2025/07/28 07:53:57 Environment options loaded: develop
2025/07/28 07:54:11 Config File: developConfigRunner.json
2025/07/28 07:54:44 Config File: productionConfigRunner.json
2025/07/28 08:08:30 Rebuilding the app.
2025/07/28 08:08:32 Build String: Desktop app rebuilt successfully.
2025/07/28 08:08:34 Launching Testing App
2025/07/28 08:08:34 Environment options loaded: develop
2025/07/28 08:08:36 Config File: developConfigRunner.json
2025/07/28 08:10:02 Rebuilding the app.
2025/07/28 08:10:04 Build String: Desktop app rebuilt successfully.
2025/07/28 08:10:07 Launching Testing App
2025/07/28 08:10:07 Environment options loaded: develop
2025/07/28 08:10:14 Config File: productionConfigRunner.json
2025/07/28 08:11:44 Rebuilding the app.
2025/07/28 08:11:46 Build String: Desktop app rebuilt successfully.
2025/07/28 08:11:48 Launching Testing App
2025/07/28 08:11:48 Environment options loaded: develop
2025/07/28 08:11:54 Config File: productionConfigRunner.json
2025/07/28 08:15:05 Rebuilding the app.
2025/07/28 08:15:07 Build String: Desktop app rebuilt successfully.
2025/07/28 08:15:09 Launching Testing App
2025/07/28 08:15:09 Environment options loaded: develop
2025/07/28 08:15:15 Config File: productionConfigRunner.json
2025/07/28 08:15:29 Closing Testing App
2025/07/28 08:23:23 Launching Testing App
2025/07/28 08:23:23 Environment options loaded: develop
2025/07/28 08:23:25 Rebuilding the app.
2025/07/28 08:23:27 Build String: Desktop app rebuilt successfully.
2025/07/28 08:23:32 Launching Testing App
2025/07/28 08:23:32 Environment options loaded: develop
2025/07/28 08:23:39 Config File: productionConfigRunner.json
2025/07/28 08:24:44 Config File: productionConfigRunner.json
2025/07/28 08:34:23 Rebuilding the app.
2025/07/28 08:34:25 Build String: Desktop app rebuilt successfully.
2025/07/28 08:34:27 Launching Testing App
2025/07/28 08:34:27 Environment options loaded: develop
2025/07/28 08:34:33 Config File: productionConfigRunner.json
2025/07/28 08:49:03 Rebuilding the app.
2025/07/28 08:49:05 Build String: Desktop app rebuilt successfully.
2025/07/28 08:49:07 Launching Testing App
2025/07/28 08:49:07 Environment options loaded: develop
2025/07/28 08:49:17 Config File: developConfigRunner.json
2025/07/28 08:52:01 Rebuilding the app.
2025/07/28 08:52:03 Build String: Desktop app rebuilt successfully.
2025/07/28 08:52:18 Launching Testing App
2025/07/28 08:52:18 Environment options loaded: develop
2025/07/28 08:52:24 Rebuilding the app.
2025/07/28 08:52:24 Build String: Desktop app rebuilt successfully.
2025/07/28 08:52:34 Launching Testing App
2025/07/28 08:52:34 Environment options loaded: develop
2025/07/28 08:52:51 Config File: productionConfigRunner.json
2025/07/28 09:00:05 Rebuilding the app.
2025/07/28 09:00:06 Build String: Desktop app rebuilt successfully.
2025/07/28 09:02:04 Launching Testing App
2025/07/28 09:02:04 Environment options loaded: develop
2025/07/28 09:02:07 Rebuilding the app.
2025/07/28 09:02:09 Build String: Desktop app rebuilt successfully.
2025/07/28 09:02:11 Launching Testing App
2025/07/28 09:02:11 Environment options loaded: develop
2025/07/28 09:02:24 Config File: developConfigRunner.json
2025/07/28 09:03:59 Config File: productionConfigRunner.json
2025/07/28 09:05:02 Config File: productionConfigRunner.json
2025/07/28 09:08:58 Rebuilding the app.
2025/07/28 09:09:00 Build String: Desktop app rebuilt successfully.
2025/07/28 09:09:06 Launching Testing App
2025/07/28 09:09:06 Environment options loaded: develop
2025/07/28 09:09:18 Config File: productionConfigRunner.json
2025/07/28 09:12:16 Rebuilding the app.
2025/07/28 09:12:18 Build String: Desktop app rebuilt successfully.
2025/07/28 09:12:22 Launching Testing App
2025/07/28 09:12:22 Environment options loaded: develop
2025/07/28 09:12:33 Config File: productionConfigRunner.json
2025/07/28 09:14:36 Rebuilding the app.
2025/07/28 09:14:38 Build String: Desktop app rebuilt successfully.
2025/07/28 09:14:47 Launching Testing App
2025/07/28 09:14:47 Environment options loaded: develop
2025/07/28 09:15:00 Config File: productionConfigRunner.json
2025/07/28 09:16:36 Rebuilding the app.
2025/07/28 09:16:38 Build String: Desktop app rebuilt successfully.
2025/07/28 09:16:41 Launching Testing App
2025/07/28 09:16:41 Environment options loaded: develop
2025/07/28 09:16:53 Config File: productionConfigRunner.json
2025/07/28 09:27:39 Config File: developConfigRunner.json
2025/07/28 09:28:02 Executing Full Scenario Tests Sequentially
2025/07/28 09:28:41 Config File: developConfigRunner.json
2025/07/28 09:28:59 Executing Full Scenario Tests Sequentially
2025/07/28 09:29:56 Rebuilding the app.
2025/07/28 09:29:56 Build String: Desktop app rebuilt successfully.
2025/07/28 09:29:58 Launching Testing App
2025/07/28 09:29:58 Environment options loaded: develop
2025/07/28 09:30:03 Config File: developConfigRunner.json
2025/07/28 09:30:20 Executing Full Scenario Tests Sequentially
2025/07/28 09:31:59 Rebuilding the app.
2025/07/28 09:32:01 Build String: Desktop app rebuilt successfully.
2025/07/28 09:32:15 Launching Testing App
2025/07/28 09:32:15 Environment options loaded: develop
2025/07/28 09:32:19 Config File: productionConfigRunner.json
2025/07/28 09:32:40 Executing Full Scenario Tests Sequentially
2025/07/28 09:38:04 Config File: productionConfigRunner.json
2025/07/28 09:38:25 Executing Full Scenario Tests Sequentially
2025/07/28 09:50:02 Rebuilding the app.
2025/07/28 09:50:04 Build String: Desktop app rebuilt successfully.
2025/07/28 09:50:05 Launching Testing App
2025/07/28 09:50:05 Environment options loaded: develop
2025/07/28 09:50:16 Config File: productionConfigRunner.json
2025/07/28 09:50:42 Rebuilding the app.
2025/07/28 09:50:44 Build String: Desktop app rebuilt successfully.
2025/07/28 09:50:47 Launching Testing App
2025/07/28 09:50:47 Environment options loaded: develop
2025/07/28 09:51:01 Config File: productionConfigRunner.json
2025/07/28 09:52:54 Rebuilding the app.
2025/07/28 09:52:55 Build String: Desktop app rebuilt successfully.
2025/07/28 09:53:12 Launching Testing App
2025/07/28 09:53:12 Environment options loaded: develop
2025/07/28 09:54:53 Config File: productionConfigRunner.json
2025/07/28 09:55:16 Executing Full Scenario Tests Sequentially
2025/07/28 09:59:29 Config File: productionConfigRunner.json
2025/07/28 09:59:49 Executing Full Scenario Tests Sequentially
2025/07/28 10:02:00 Rebuilding the app.
2025/07/28 10:02:01 Build String: Desktop app rebuilt successfully.
2025/07/28 10:02:04 Launching Testing App
2025/07/28 10:02:04 Environment options loaded: develop
2025/07/28 10:02:15 Config File: developConfigRunner.json
2025/07/28 10:02:33 Config File: productionConfigRunner.json
2025/07/28 10:09:27 Config File: productionConfigRunner.json
2025/07/28 10:09:51 Executing Full Scenario Tests Sequentially
2025/07/28 10:11:50 Rebuilding the app.
2025/07/28 10:11:52 Build String: Desktop app rebuilt successfully.
2025/07/28 10:11:55 Launching Testing App
2025/07/28 10:11:55 Environment options loaded: develop
2025/07/28 10:12:12 Config File: productionConfigRunner.json
2025/07/28 10:12:33 Executing Full Scenario Tests Sequentially
2025/07/28 10:14:40 Rebuilding the app.
2025/07/28 10:14:42 Build String: Desktop app rebuilt successfully.
2025/07/28 10:14:44 Launching Testing App
2025/07/28 10:14:44 Environment options loaded: develop
2025/07/28 10:14:56 Config File: developConfigRunner.json
2025/07/28 10:15:12 Config File: productionConfigRunner.json
2025/07/28 10:15:22 Config File: productionConfigRunner.json
2025/07/28 10:15:33 Closing Testing App
2025/07/28 10:15:59 Launching Testing App
2025/07/28 10:15:59 Environment options loaded: develop
2025/07/28 10:16:14 Config File: developConfigRunner.json
2025/07/28 10:16:32 Executing Full Scenario Tests Sequentially
2025/07/28 10:17:20 Config File: productionConfigRunner.json
2025/07/28 10:17:40 Executing Full Scenario Tests Sequentially
2025/07/28 10:19:16 Rebuilding the app.
2025/07/28 10:19:18 Build String: Desktop app rebuilt successfully.
2025/07/28 10:19:35 Launching Testing App
2025/07/28 10:19:35 Environment options loaded: develop
2025/07/28 10:19:53 Config File: developConfigRunner.json
2025/07/28 10:20:11 Executing Full Scenario Tests Sequentially
2025/07/28 10:20:40 Config File: productionConfigRunner.json
2025/07/28 10:21:00 Executing Full Scenario Tests Sequentially
2025/07/28 10:23:26 Rebuilding the app.
2025/07/28 10:23:28 Build String: Desktop app rebuilt successfully.
2025/07/28 10:23:29 Launching Testing App
2025/07/28 10:23:29 Environment options loaded: develop
2025/07/28 10:23:39 Config File: developConfigRunner.json
2025/07/28 10:23:55 Config File: productionConfigRunner.json
2025/07/28 10:25:03 Rebuilding the app.
2025/07/28 10:25:05 Build String: Desktop app rebuilt successfully.
2025/07/28 10:25:07 Launching Testing App
2025/07/28 10:25:07 Environment options loaded: develop
2025/07/28 10:25:50 Config File: developConfigRunner.json
2025/07/28 10:26:08 Executing Full Scenario Tests Sequentially
2025/07/28 10:26:50 Config File: productionConfigRunner.json
2025/07/28 10:27:11 Executing Full Scenario Tests Sequentially
2025/07/28 10:29:29 Rebuilding the app.
2025/07/28 10:29:30 Build String: Desktop app rebuilt successfully.
2025/07/28 10:29:32 Launching Testing App
2025/07/28 10:29:32 Environment options loaded: develop
2025/07/28 10:29:45 Config File: developConfigRunner.json
2025/07/28 10:30:01 Config File: productionConfigRunner.json
2025/07/28 10:31:39 Rebuilding the app.
2025/07/28 10:31:41 Build String: Desktop app rebuilt successfully.
2025/07/28 10:31:55 Launching Testing App
2025/07/28 10:31:55 Environment options loaded: develop
2025/07/28 10:33:35 Rebuilding the app.
2025/07/28 10:33:35 Build String: Desktop app rebuilt successfully.
2025/07/28 10:33:37 Launching Testing App
2025/07/28 10:33:37 Environment options loaded: develop
2025/07/28 10:39:19 Config File: productionConfigRunner.json
2025/07/28 10:39:44 Executing Full Scenario Tests Sequentially
2025/07/28 10:42:00 Rebuilding the app.
2025/07/28 10:42:02 Build String: Desktop app rebuilt successfully.
2025/07/28 10:42:03 Launching Testing App
2025/07/28 10:42:03 Environment options loaded: develop
2025/07/28 10:42:12 Config File: developConfigRunner.json
2025/07/28 10:42:33 Config File: productionConfigRunner.json
2025/07/28 10:57:01 Rebuilding the app.
2025/07/28 10:57:03 Build String: Desktop app rebuilt successfully.
2025/07/28 10:57:04 Launching Testing App
2025/07/28 10:57:04 Environment options loaded: develop
2025/07/28 10:58:48 Config File: developConfigRunner.json
2025/07/28 10:59:09 Executing Full Scenario Tests Sequentially
2025/07/28 11:00:22 Config File: productionConfigRunner.json
2025/07/28 11:00:44 Executing Full Scenario Tests Sequentially
2025/07/28 11:01:53 Rebuilding the app.
2025/07/28 11:01:55 Build String: Desktop app rebuilt successfully.
2025/07/28 11:01:58 Launching Testing App
2025/07/28 11:01:58 Environment options loaded: develop
2025/07/28 11:02:12 Config File: productionConfigRunner.json
2025/07/28 11:03:44 Rebuilding the app.
2025/07/28 11:03:46 Build String: Desktop app rebuilt successfully.
2025/07/28 11:03:48 Launching Testing App
2025/07/28 11:03:48 Environment options loaded: develop
2025/07/28 11:04:03 Rebuilding the app.
2025/07/28 11:04:03 Build String: Desktop app rebuilt successfully.
2025/07/28 11:04:05 Launching Testing App
2025/07/28 11:04:05 Environment options loaded: develop
2025/07/28 11:04:52 Closing Testing App
2025/07/28 11:07:05 Launching Testing App
2025/07/28 11:07:05 Environment options loaded: develop
2025/07/28 11:07:55 Error creating folder:  mkdir : The system cannot find the path specified.
2025/07/28 11:08:05 Config File: productionConfigRunner.json
2025/07/28 11:09:14 Config File: productionConfigRunner.json
2025/07/28 11:09:35 Executing Full Scenario Tests Sequentially
2025/07/28 11:10:42 Rebuilding the app.
2025/07/28 11:10:44 Build String: Desktop app rebuilt successfully.
2025/07/28 11:10:45 Launching Testing App
2025/07/28 11:10:45 Environment options loaded: develop
2025/07/28 11:11:05 Config File: productionConfigRunner.json
2025/07/28 11:13:45 Rebuilding the app.
2025/07/28 11:13:47 Build String: Desktop app rebuilt successfully.
2025/07/28 11:13:55 Launching Testing App
2025/07/28 11:13:55 Environment options loaded: develop
2025/07/28 11:15:08 Config File: productionConfigRunner.json
2025/07/28 11:15:29 Executing Full Scenario Tests Sequentially
2025/07/28 11:16:44 Rebuilding the app.
2025/07/28 11:16:46 Build String: Desktop app rebuilt successfully.
2025/07/28 11:16:48 Launching Testing App
2025/07/28 11:16:48 Environment options loaded: develop
2025/07/28 11:17:00 Config File: productionConfigRunner.json
2025/07/28 11:20:06 Closing Testing App
2025/07/28 11:20:26 Launching Testing App
2025/07/28 11:20:26 Environment options loaded: develop
2025/07/28 11:20:27 Rebuilding the app.
2025/07/28 11:20:29 Build String: Desktop app rebuilt successfully.
2025/07/28 11:20:31 Launching Testing App
2025/07/28 11:20:31 Environment options loaded: develop
2025/07/28 11:21:34 Config File: productionConfigRunner.json
2025/07/28 11:21:55 Executing Full Scenario Tests Sequentially
2025/07/28 11:23:03 Rebuilding the app.
2025/07/28 11:23:05 Build String: Desktop app rebuilt successfully.
2025/07/28 11:23:07 Launching Testing App
2025/07/28 11:23:07 Environment options loaded: develop
2025/07/28 11:23:18 Config File: productionConfigRunner.json
2025/07/28 11:31:08 Closing Testing App
2025/07/28 11:49:18 Launching Testing App
2025/07/28 11:49:18 Environment options loaded: develop
2025/07/28 11:49:27 Closing Testing App
2025/07/28 11:51:42 Launching Testing App
2025/07/28 11:51:42 Environment options loaded: develop
2025/07/28 11:51:49 Closing Testing App
2025/07/28 11:56:31 Launching Testing App
2025/07/28 11:56:31 Environment options loaded: develop
2025/07/28 11:58:04 Rebuilding the app.
2025/07/28 11:58:07 Build String: Desktop app rebuilt successfully.
2025/07/28 11:58:10 Launching Testing App
2025/07/28 11:58:10 Environment options loaded: develop
2025/07/28 12:00:01 Config File: productionConfigRunner.json
2025/07/28 12:00:25 Executing Full Scenario Tests Sequentially
2025/07/28 12:02:52 Rebuilding the app.
2025/07/28 12:02:52 Build String: Desktop app rebuilt successfully.
2025/07/28 12:02:54 Launching Testing App
2025/07/28 12:02:54 Environment options loaded: develop
2025/07/28 12:04:15 Config File: developConfigRunner.json
2025/07/28 12:04:34 Executing Full Scenario Tests Sequentially
2025/07/28 12:07:35 Config File: productionConfigRunner.json
2025/07/28 12:07:57 Executing Full Scenario Tests Sequentially
2025/07/28 12:19:29 Config File: productionConfigRunner.json
2025/07/28 12:19:59 Executing Full Scenario Tests Sequentially
2025/07/28 12:22:14 Rebuilding the app.
2025/07/28 12:22:18 Build String: Desktop app rebuilt successfully.
2025/07/28 12:22:20 Launching Testing App
2025/07/28 12:22:20 Environment options loaded: develop
2025/07/28 12:22:34 Config File: productionConfigRunner.json
2025/07/28 12:23:31 Rebuilding the app.
2025/07/28 12:23:33 Build String: Desktop app rebuilt successfully.
2025/07/28 12:23:35 Launching Testing App
2025/07/28 12:23:35 Environment options loaded: develop
2025/07/28 12:23:43 Config File: productionConfigRunner.json
2025/07/28 14:08:49 Closing Testing App
2025/07/28 14:11:34 Launching Testing App
2025/07/28 14:11:34 Environment options loaded: develop
2025/07/28 14:11:37 Closing Testing App
2025/07/28 14:20:21 Launching Testing App
2025/07/28 14:20:21 Environment options loaded: develop
2025/07/28 14:28:50 Closing Testing App
