2025/07/26 10:21:25 Launching Testing App
2025/07/26 10:21:25 Environment options loaded: develop
2025/07/26 10:21:32 Config File: productionConfigRunner.json
2025/07/26 10:21:32 Executing Full Scenario Tests Sequentially
2025/07/26 10:21:50 Config File: productionConfigRunner.json
2025/07/26 10:21:50 Executing Full Scenario Tests Sequentially
2025/07/26 10:24:24 Config File: productionConfigRunner.json
2025/07/26 10:24:24 Executing Full Scenario Tests Sequentially
2025/07/26 10:28:47 Config File: productionConfigRunner.json
2025/07/26 10:28:47 Executing Full Scenario Tests Sequentially
2025/07/26 10:30:03 Rebuilding the app.
2025/07/26 10:30:05 Build String: Desktop app rebuilt successfully.
2025/07/26 10:30:14 Launching Testing App
2025/07/26 10:30:14 Environment options loaded: develop
2025/07/26 10:30:19 Config File: developConfigRunner.json
2025/07/26 10:30:19 Executing Full Scenario Tests Sequentially
2025/07/26 10:30:50 Config File: productionConfigRunner.json
2025/07/26 10:30:50 Executing Full Scenario Tests Sequentially
2025/07/26 10:33:12 Rebuilding the app.
2025/07/26 10:33:14 Build String: Desktop app rebuilt successfully.
2025/07/26 10:33:18 Launching Testing App
2025/07/26 10:33:18 Environment options loaded: develop
2025/07/26 10:33:38 Config File: productionConfigRunner.json
2025/07/26 10:33:38 Executing Full Scenario Tests Sequentially
2025/07/26 15:28:14 Config File: productionConfigRunner.json
2025/07/26 15:28:31 Config File: productionConfigRunner.json
2025/07/26 15:29:07 Config File: productionConfigRunner.json
2025/07/26 15:30:24 Rebuilding the app.
2025/07/26 15:30:29 Build String: Desktop app rebuilt successfully.
2025/07/26 15:30:33 Launching Testing App
2025/07/26 15:30:33 Environment options loaded: develop
2025/07/26 15:30:44 Config File: developConfigRunner.json
2025/07/26 15:31:23 Config File: productionConfigRunner.json
2025/07/26 15:31:48 Config File: developConfigRunner.json
2025/07/26 15:32:47 Rebuilding the app.
2025/07/26 15:32:48 Build String: Desktop app rebuilt successfully.
2025/07/26 15:32:51 Launching Testing App
2025/07/26 15:32:51 Environment options loaded: develop
2025/07/26 15:33:14 Config File: developConfigRunner.json
2025/07/26 15:33:18 Config File: productionConfigRunner.json
2025/07/26 15:35:11 Rebuilding the app.
2025/07/26 15:35:13 Build String: Desktop app rebuilt successfully.
2025/07/26 15:35:16 Launching Testing App
2025/07/26 15:35:16 Environment options loaded: develop
2025/07/26 15:46:25 Closing Testing App
2025/07/26 15:46:31 Launching Testing App
2025/07/26 15:46:31 Environment options loaded: develop
2025/07/26 15:46:37 Config File: developConfigRunner.json
2025/07/26 16:26:37 Rebuilding the app.
2025/07/26 16:26:40 Build String: Desktop app rebuilt successfully.
2025/07/26 16:26:42 Launching Testing App
2025/07/26 16:26:42 Environment options loaded: develop
2025/07/26 16:26:48 Config File: developConfigRunner.json
2025/07/26 16:27:30 Config File: productionConfigRunner.json
2025/07/26 16:35:38 Rebuilding the app.
2025/07/26 16:35:40 Build String: Desktop app rebuilt successfully.
2025/07/26 16:35:42 Launching Testing App
2025/07/26 16:35:42 Environment options loaded: develop
2025/07/26 16:35:49 Config File: productionConfigRunner.json
2025/07/26 16:36:58 Rebuilding the app.
2025/07/26 16:37:00 Build String: Desktop app rebuilt successfully.
2025/07/26 16:37:42 Launching Testing App
2025/07/26 16:37:42 Environment options loaded: develop
2025/07/26 16:37:50 Config File: developConfigRunner.json
2025/07/26 16:38:00 Config File: productionConfigRunner.json
2025/07/26 16:47:20 Rebuilding the app.
2025/07/26 16:47:22 Build String: Desktop app rebuilt successfully.
2025/07/26 16:47:32 Launching Testing App
2025/07/26 16:47:32 Environment options loaded: develop
2025/07/26 16:47:42 Config File: productionConfigRunner.json
2025/07/26 16:49:56 Rebuilding the app.
2025/07/26 16:49:58 Build String: Desktop app rebuilt successfully.
2025/07/26 16:50:00 Launching Testing App
2025/07/26 16:50:00 Environment options loaded: develop
2025/07/26 16:50:20 Config File: developConfigRunner.json
2025/07/26 16:50:30 Config File: productionConfigRunner.json
2025/07/26 16:58:16 Rebuilding the app.
2025/07/26 16:58:18 Build String: Desktop app rebuilt successfully.
2025/07/26 16:58:20 Launching Testing App
2025/07/26 16:58:20 Environment options loaded: develop
2025/07/26 16:58:35 Config File: productionConfigRunner.json
2025/07/26 17:01:02 Rebuilding the app.
2025/07/26 17:01:04 Build String: Desktop app rebuilt successfully.
2025/07/26 17:01:27 Launching Testing App
2025/07/26 17:01:27 Environment options loaded: develop
2025/07/26 17:01:29 Rebuilding the app.
2025/07/26 17:01:31 Build String: Desktop app rebuilt successfully.
2025/07/26 17:01:32 Launching Testing App
2025/07/26 17:01:32 Environment options loaded: develop
2025/07/26 17:01:44 Config File: productionConfigRunner.json
2025/07/26 17:04:44 Rebuilding the app.
2025/07/26 17:04:46 Build String: Desktop app rebuilt successfully.
2025/07/26 17:04:51 Launching Testing App
2025/07/26 17:04:51 Environment options loaded: develop
2025/07/26 17:05:05 Config File: productionConfigRunner.json
2025/07/26 17:14:04 Rebuilding the app.
2025/07/26 17:14:07 Build String: Desktop app rebuilt successfully.
2025/07/26 17:14:49 Launching Testing App
2025/07/26 17:14:49 Environment options loaded: develop
2025/07/26 17:14:51 Rebuilding the app.
2025/07/26 17:14:52 Build String: Desktop app rebuilt successfully.
2025/07/26 17:14:54 Launching Testing App
2025/07/26 17:14:54 Environment options loaded: develop
2025/07/26 17:15:23 Config File: productionConfigRunner.json
2025/07/26 17:17:58 Rebuilding the app.
2025/07/26 17:17:59 Build String: Desktop app rebuilt successfully.
2025/07/26 17:18:47 Launching Testing App
2025/07/26 17:18:47 Environment options loaded: develop
2025/07/26 17:18:57 Config File: developConfigRunner.json
2025/07/26 17:19:09 Config File: productionConfigRunner.json
2025/07/26 17:26:20 Rebuilding the app.
2025/07/26 17:26:22 Build String: Desktop app rebuilt successfully.
2025/07/26 17:26:28 Launching Testing App
2025/07/26 17:26:28 Environment options loaded: develop
2025/07/26 17:26:41 Config File: developConfigRunner.json
2025/07/26 17:26:49 Config File: productionConfigRunner.json
2025/07/26 17:29:55 Rebuilding the app.
2025/07/26 17:29:55 Failed to build the desktop app: exit status 1
2025/07/26 17:29:57 Launching Testing App
2025/07/26 17:29:57 Environment options loaded: develop
2025/07/26 17:30:10 Config File: productionConfigRunner.json
2025/07/26 17:31:12 Rebuilding the app.
2025/07/26 17:31:14 Build String: Desktop app rebuilt successfully.
2025/07/26 17:31:15 Launching Testing App
2025/07/26 17:31:15 Environment options loaded: develop
2025/07/26 17:31:22 Config File: productionConfigRunner.json
2025/07/26 17:32:02 Rebuilding the app.
2025/07/26 17:32:04 Build String: Desktop app rebuilt successfully.
2025/07/26 17:32:05 Launching Testing App
2025/07/26 17:32:05 Environment options loaded: develop
2025/07/26 17:32:14 Config File: productionConfigRunner.json
2025/07/26 22:27:26 Closing Testing App
