2025/07/25 16:06:13 Launching Testing App
2025/07/25 16:06:13 Environment options loaded: develop
2025/07/25 16:06:15 Config File: developConfigRunner.json
2025/07/25 16:06:15 Executing Full Scenario Tests Sequentially
2025/07/25 16:08:06 Launching Testing App
2025/07/25 16:08:06 Environment options loaded: develop
2025/07/25 16:08:09 Rebuilding the app.
2025/07/25 16:08:10 Build String: Desktop app rebuilt successfully.
2025/07/25 16:08:13 Launching Testing App
2025/07/25 16:08:13 Environment options loaded: develop
2025/07/25 16:08:19 Config File: developConfigRunner.json
2025/07/25 16:08:19 Executing Full Scenario Tests Sequentially
2025/07/25 16:09:08 Config File: productionConfigRunner.json
2025/07/25 16:09:08 Executing Full Scenario Tests Sequentially
2025/07/25 16:10:04 Config File: productionConfigRunner.json
2025/07/25 16:10:04 Executing Full Scenario Tests Sequentially
2025/07/25 16:14:09 Rebuilding the app.
2025/07/25 16:14:10 Build String: Desktop app rebuilt successfully.
2025/07/25 16:14:12 Launching Testing App
2025/07/25 16:14:12 Environment options loaded: develop
2025/07/25 16:14:22 Config File: productionConfigRunner.json
2025/07/25 16:14:22 Executing Full Scenario Tests Sequentially
2025/07/25 16:20:05 Rebuilding the app.
2025/07/25 16:20:07 Build String: Desktop app rebuilt successfully.
2025/07/25 16:20:22 Launching Testing App
2025/07/25 16:20:22 Environment options loaded: develop
2025/07/25 16:20:32 Config File: developConfigRunner.json
2025/07/25 16:20:32 Executing Full Scenario Tests Sequentially
2025/07/25 16:20:38 Config File: productionConfigRunner.json
2025/07/25 16:20:38 Executing Full Scenario Tests Sequentially
2025/07/25 16:23:48 Config File: productionConfigRunner.json
2025/07/25 16:23:48 Executing Full Scenario Tests Sequentially
2025/07/25 16:25:08 Config File: productionConfigRunner.json
2025/07/25 16:25:08 Executing Full Scenario Tests Sequentially
2025/07/25 16:29:45 Rebuilding the app.
2025/07/25 16:29:47 Build String: Desktop app rebuilt successfully.
2025/07/25 16:29:50 Launching Testing App
2025/07/25 16:29:50 Environment options loaded: develop
2025/07/25 16:29:59 Config File: productionConfigRunner.json
2025/07/25 16:29:59 Executing Full Scenario Tests Sequentially
2025/07/25 16:32:01 Rebuilding the app.
2025/07/25 16:32:03 Build String: Desktop app rebuilt successfully.
2025/07/25 16:32:05 Launching Testing App
2025/07/25 16:32:05 Environment options loaded: develop
2025/07/25 16:32:13 Config File: productionConfigRunner.json
2025/07/25 16:32:13 Executing Full Scenario Tests Sequentially
